// Jest Snapshot v1, https://goo.gl/fbAQLP

exports[`ConfirmationDialog component should render properly 1`] = `
<div>
  <WithStyles(ForwardRef(Dialog))
    aria-labelledby="form-dialog-title"
    onClose={[Function]}
    open={true}
  >
    <WithStyles(ForwardRef(DialogTitle))
      id="form-dialog-title"
    >
      Some title
    </WithStyles(ForwardRef(DialogTitle))>
    <WithStyles(ForwardRef(DialogContent))>
      <WithStyles(ForwardRef(DialogContentText)) />
    </WithStyles(ForwardRef(DialogContent))>
    <WithStyles(ForwardRef(DialogActions))>
      <WithStyles(ForwardRef(Button))
        color="secondary"
        data-test="cancel-button"
        onClick={[Function]}
      >
        Cancel
      </WithStyles(ForwardRef(Button))>
      <WithStyles(ForwardRef(Button))
        color="primary"
        data-test="submit-button"
        onClick={[MockFunction]}
      >
        Submit
      </WithStyles(ForwardRef(Button))>
    </WithStyles(ForwardRef(DialogActions))>
  </WithStyles(ForwardRef(Dialog))>
</div>
`;
