// Jest Snapshot v1, https://goo.gl/fbAQLP

exports[`Login component should match snapshot 1`] = `
<ApolloProvider
  client={
    ApolloClient {
      "cache": InMemoryCache {
        "addTypename": true,
        "cacheKeyRoot": KeyTrie {
          "weakness": true,
        },
        "config": Object {
          "addTypename": true,
          "dataIdFromObject": [Function],
          "fragmentMatcher": HeuristicFragmentMatcher {},
          "freezeResults": false,
          "resultCaching": true,
        },
        "data": DepTrackingCache {
          "data": Object {},
          "depend": [Function],
        },
        "maybeBroadcastWatch": [Function],
        "optimisticData": DepTrackingCache {
          "data": Object {},
          "depend": [Function],
        },
        "silenceBroadcast": false,
        "storeReader": StoreReader {
          "executeSelectionSet": [Function],
          "executeStoreQuery": [Function],
          "executeSubSelectedArray": [Function],
          "freezeResults": false,
        },
        "storeWriter": StoreWriter {},
        "typenameDocumentCache": Map {},
        "watches": Set {},
      },
      "clearStoreCallbacks": Array [],
      "defaultOptions": Object {},
      "disableNetworkFetches": false,
      "link": ApolloLink {
        "request": [Function],
      },
      "localState": LocalState {
        "cache": InMemoryCache {
          "addTypename": true,
          "cacheKeyRoot": KeyTrie {
            "weakness": true,
          },
          "config": Object {
            "addTypename": true,
            "dataIdFromObject": [Function],
            "fragmentMatcher": HeuristicFragmentMatcher {},
            "freezeResults": false,
            "resultCaching": true,
          },
          "data": DepTrackingCache {
            "data": Object {},
            "depend": [Function],
          },
          "maybeBroadcastWatch": [Function],
          "optimisticData": DepTrackingCache {
            "data": Object {},
            "depend": [Function],
          },
          "silenceBroadcast": false,
          "storeReader": StoreReader {
            "executeSelectionSet": [Function],
            "executeStoreQuery": [Function],
            "executeSubSelectedArray": [Function],
            "freezeResults": false,
          },
          "storeWriter": StoreWriter {},
          "typenameDocumentCache": Map {},
          "watches": Set {},
        },
        "client": [Circular],
      },
      "mutate": [Function],
      "query": [Function],
      "queryDeduplication": true,
      "queryManager": QueryManager {
        "assumeImmutableResults": false,
        "clientAwareness": Object {
          "name": undefined,
          "version": undefined,
        },
        "dataStore": DataStore {
          "cache": InMemoryCache {
            "addTypename": true,
            "cacheKeyRoot": KeyTrie {
              "weakness": true,
            },
            "config": Object {
              "addTypename": true,
              "dataIdFromObject": [Function],
              "fragmentMatcher": HeuristicFragmentMatcher {},
              "freezeResults": false,
              "resultCaching": true,
            },
            "data": DepTrackingCache {
              "data": Object {},
              "depend": [Function],
            },
            "maybeBroadcastWatch": [Function],
            "optimisticData": DepTrackingCache {
              "data": Object {},
              "depend": [Function],
            },
            "silenceBroadcast": false,
            "storeReader": StoreReader {
              "executeSelectionSet": [Function],
              "executeStoreQuery": [Function],
              "executeSubSelectedArray": [Function],
              "freezeResults": false,
            },
            "storeWriter": StoreWriter {},
            "typenameDocumentCache": Map {},
            "watches": Set {},
          },
        },
        "fetchQueryRejectFns": Map {},
        "idCounter": 1,
        "inFlightLinkObservables": Map {},
        "link": ApolloLink {
          "request": [Function],
        },
        "localState": LocalState {
          "cache": InMemoryCache {
            "addTypename": true,
            "cacheKeyRoot": KeyTrie {
              "weakness": true,
            },
            "config": Object {
              "addTypename": true,
              "dataIdFromObject": [Function],
              "fragmentMatcher": HeuristicFragmentMatcher {},
              "freezeResults": false,
              "resultCaching": true,
            },
            "data": DepTrackingCache {
              "data": Object {},
              "depend": [Function],
            },
            "maybeBroadcastWatch": [Function],
            "optimisticData": DepTrackingCache {
              "data": Object {},
              "depend": [Function],
            },
            "silenceBroadcast": false,
            "storeReader": StoreReader {
              "executeSelectionSet": [Function],
              "executeStoreQuery": [Function],
              "executeSubSelectedArray": [Function],
              "freezeResults": false,
            },
            "storeWriter": StoreWriter {},
            "typenameDocumentCache": Map {},
            "watches": Set {},
          },
          "client": [Circular],
        },
        "mutationStore": MutationStore {
          "store": Object {},
        },
        "onBroadcast": [Function],
        "pollingInfoByQueryId": Map {},
        "queries": Map {},
        "queryDeduplication": true,
        "queryStore": QueryStore {
          "store": Object {},
        },
        "ssrMode": false,
        "transformCache": WeakMap {},
      },
      "reFetchObservableQueries": [Function],
      "resetStore": [Function],
      "resetStoreCallbacks": Array [],
      "store": DataStore {
        "cache": InMemoryCache {
          "addTypename": true,
          "cacheKeyRoot": KeyTrie {
            "weakness": true,
          },
          "config": Object {
            "addTypename": true,
            "dataIdFromObject": [Function],
            "fragmentMatcher": HeuristicFragmentMatcher {},
            "freezeResults": false,
            "resultCaching": true,
          },
          "data": DepTrackingCache {
            "data": Object {},
            "depend": [Function],
          },
          "maybeBroadcastWatch": [Function],
          "optimisticData": DepTrackingCache {
            "data": Object {},
            "depend": [Function],
          },
          "silenceBroadcast": false,
          "storeReader": StoreReader {
            "executeSelectionSet": [Function],
            "executeStoreQuery": [Function],
            "executeSubSelectedArray": [Function],
            "freezeResults": false,
          },
          "storeWriter": StoreWriter {},
          "typenameDocumentCache": Map {},
          "watches": Set {},
        },
      },
      "typeDefs": undefined,
      "version": "2.6.10",
      "watchQuery": [Function],
    }
  }
>
  <BrowserRouter>
    <Router
      history={
        Object {
          "action": "POP",
          "block": [Function],
          "createHref": [Function],
          "go": [Function],
          "goBack": [Function],
          "goForward": [Function],
          "length": 1,
          "listen": [Function],
          "location": Object {
            "hash": "",
            "pathname": "/",
            "search": "",
            "state": undefined,
          },
          "push": [Function],
          "replace": [Function],
        }
      }
    >
      <Login>
        <WithStyles(ForwardRef(Container))
          component="main"
          maxWidth="xs"
        >
          <ForwardRef(Container)
            classes={
              Object {
                "disableGutters": "MuiContainer-disableGutters",
                "fixed": "MuiContainer-fixed",
                "maxWidthLg": "MuiContainer-maxWidthLg",
                "maxWidthMd": "MuiContainer-maxWidthMd",
                "maxWidthSm": "MuiContainer-maxWidthSm",
                "maxWidthXl": "MuiContainer-maxWidthXl",
                "maxWidthXs": "MuiContainer-maxWidthXs",
                "root": "MuiContainer-root",
              }
            }
            component="main"
            maxWidth="xs"
          >
            <main
              className="MuiContainer-root MuiContainer-maxWidthXs"
            >
              <WithStyles(CssBaseline)>
                <CssBaseline
                  classes={Object {}}
                />
              </WithStyles(CssBaseline)>
              <div
                className="makeStyles-paper-1"
              >
                <WithStyles(ForwardRef(Avatar))
                  className="makeStyles-avatar-2"
                >
                  <ForwardRef(Avatar)
                    className="makeStyles-avatar-2"
                    classes={
                      Object {
                        "circle": "MuiAvatar-circle",
                        "colorDefault": "MuiAvatar-colorDefault",
                        "fallback": "MuiAvatar-fallback",
                        "img": "MuiAvatar-img",
                        "root": "MuiAvatar-root",
                        "rounded": "MuiAvatar-rounded",
                        "square": "MuiAvatar-square",
                      }
                    }
                  >
                    <div
                      className="MuiAvatar-root MuiAvatar-circle makeStyles-avatar-2 MuiAvatar-colorDefault"
                    >
                      <ForwardRef>
                        <WithStyles(ForwardRef(SvgIcon))>
                          <ForwardRef(SvgIcon)
                            classes={
                              Object {
                                "colorAction": "MuiSvgIcon-colorAction",
                                "colorDisabled": "MuiSvgIcon-colorDisabled",
                                "colorError": "MuiSvgIcon-colorError",
                                "colorPrimary": "MuiSvgIcon-colorPrimary",
                                "colorSecondary": "MuiSvgIcon-colorSecondary",
                                "fontSizeInherit": "MuiSvgIcon-fontSizeInherit",
                                "fontSizeLarge": "MuiSvgIcon-fontSizeLarge",
                                "fontSizeSmall": "MuiSvgIcon-fontSizeSmall",
                                "root": "MuiSvgIcon-root",
                              }
                            }
                          >
                            <svg
                              aria-hidden={true}
                              className="MuiSvgIcon-root"
                              focusable="false"
                              viewBox="0 0 24 24"
                            >
                              <path
                                d="M18 8h-1V6c0-2.76-2.24-5-5-5S7 3.24 7 6v2H6c-1.1 0-2 .9-2 2v10c0 1.1.9 2 2 2h12c1.1 0 2-.9 2-2V10c0-1.1-.9-2-2-2zM9 6c0-1.66 1.34-3 3-3s3 1.34 3 3v2H9V6zm9 14H6V10h12v10zm-6-3c1.1 0 2-.9 2-2s-.9-2-2-2-2 .9-2 2 .9 2 2 2z"
                              />
                            </svg>
                          </ForwardRef(SvgIcon)>
                        </WithStyles(ForwardRef(SvgIcon))>
                      </ForwardRef>
                    </div>
                  </ForwardRef(Avatar)>
                </WithStyles(ForwardRef(Avatar))>
                <WithStyles(ForwardRef(Typography))
                  component="h1"
                  variant="h5"
                >
                  <ForwardRef(Typography)
                    classes={
                      Object {
                        "alignCenter": "MuiTypography-alignCenter",
                        "alignJustify": "MuiTypography-alignJustify",
                        "alignLeft": "MuiTypography-alignLeft",
                        "alignRight": "MuiTypography-alignRight",
                        "body1": "MuiTypography-body1",
                        "body2": "MuiTypography-body2",
                        "button": "MuiTypography-button",
                        "caption": "MuiTypography-caption",
                        "colorError": "MuiTypography-colorError",
                        "colorInherit": "MuiTypography-colorInherit",
                        "colorPrimary": "MuiTypography-colorPrimary",
                        "colorSecondary": "MuiTypography-colorSecondary",
                        "colorTextPrimary": "MuiTypography-colorTextPrimary",
                        "colorTextSecondary": "MuiTypography-colorTextSecondary",
                        "displayBlock": "MuiTypography-displayBlock",
                        "displayInline": "MuiTypography-displayInline",
                        "gutterBottom": "MuiTypography-gutterBottom",
                        "h1": "MuiTypography-h1",
                        "h2": "MuiTypography-h2",
                        "h3": "MuiTypography-h3",
                        "h4": "MuiTypography-h4",
                        "h5": "MuiTypography-h5",
                        "h6": "MuiTypography-h6",
                        "noWrap": "MuiTypography-noWrap",
                        "overline": "MuiTypography-overline",
                        "paragraph": "MuiTypography-paragraph",
                        "root": "MuiTypography-root",
                        "srOnly": "MuiTypography-srOnly",
                        "subtitle1": "MuiTypography-subtitle1",
                        "subtitle2": "MuiTypography-subtitle2",
                      }
                    }
                    component="h1"
                    variant="h5"
                  >
                    <h1
                      className="MuiTypography-root MuiTypography-h5"
                    >
                      Sign in
                    </h1>
                  </ForwardRef(Typography)>
                </WithStyles(ForwardRef(Typography))>
                <form
                  className="makeStyles-form-3"
                  noValidate={true}
                  onSubmit={[Function]}
                >
                  <WithStyles(ForwardRef(TextField))
                    autoComplete="email"
                    autoFocus={true}
                    data-test="email-field"
                    fullWidth={true}
                    id="email"
                    inputProps={
                      Object {
                        "data-testid": "email-field",
                      }
                    }
                    label="forms.login.emailAddress"
                    margin="normal"
                    name="email"
                    onChange={[Function]}
                    required={true}
                    value=""
                    variant="outlined"
                  >
                    <ForwardRef(TextField)
                      autoComplete="email"
                      autoFocus={true}
                      classes={
                        Object {
                          "root": "MuiTextField-root",
                        }
                      }
                      data-test="email-field"
                      fullWidth={true}
                      id="email"
                      inputProps={
                        Object {
                          "data-testid": "email-field",
                        }
                      }
                      label="forms.login.emailAddress"
                      margin="normal"
                      name="email"
                      onChange={[Function]}
                      required={true}
                      value=""
                      variant="outlined"
                    >
                      <WithStyles(ForwardRef(FormControl))
                        className="MuiTextField-root"
                        color="primary"
                        data-test="email-field"
                        disabled={false}
                        error={false}
                        fullWidth={true}
                        margin="normal"
                        required={true}
                        variant="outlined"
                      >
                        <ForwardRef(FormControl)
                          className="MuiTextField-root"
                          classes={
                            Object {
                              "fullWidth": "MuiFormControl-fullWidth",
                              "marginDense": "MuiFormControl-marginDense",
                              "marginNormal": "MuiFormControl-marginNormal",
                              "root": "MuiFormControl-root",
                            }
                          }
                          color="primary"
                          data-test="email-field"
                          disabled={false}
                          error={false}
                          fullWidth={true}
                          margin="normal"
                          required={true}
                          variant="outlined"
                        >
                          <div
                            className="MuiFormControl-root MuiTextField-root MuiFormControl-marginNormal MuiFormControl-fullWidth"
                            data-test="email-field"
                          >
                            <WithStyles(ForwardRef(InputLabel))
                              htmlFor="email"
                              id="email-label"
                            >
                              <ForwardRef(InputLabel)
                                classes={
                                  Object {
                                    "animated": "MuiInputLabel-animated",
                                    "asterisk": "MuiInputLabel-asterisk",
                                    "disabled": "Mui-disabled",
                                    "error": "Mui-error",
                                    "filled": "MuiInputLabel-filled",
                                    "focused": "Mui-focused",
                                    "formControl": "MuiInputLabel-formControl",
                                    "marginDense": "MuiInputLabel-marginDense",
                                    "outlined": "MuiInputLabel-outlined",
                                    "required": "Mui-required",
                                    "root": "MuiInputLabel-root",
                                    "shrink": "MuiInputLabel-shrink",
                                  }
                                }
                                htmlFor="email"
                                id="email-label"
                              >
                                <WithStyles(ForwardRef(FormLabel))
                                  className="MuiInputLabel-root MuiInputLabel-formControl MuiInputLabel-animated MuiInputLabel-outlined"
                                  classes={
                                    Object {
                                      "asterisk": "MuiInputLabel-asterisk",
                                      "disabled": "Mui-disabled",
                                      "error": "Mui-error",
                                      "focused": "Mui-focused",
                                      "required": "Mui-required",
                                    }
                                  }
                                  data-shrink={false}
                                  htmlFor="email"
                                  id="email-label"
                                >
                                  <ForwardRef(FormLabel)
                                    className="MuiInputLabel-root MuiInputLabel-formControl MuiInputLabel-animated MuiInputLabel-outlined"
                                    classes={
                                      Object {
                                        "asterisk": "MuiFormLabel-asterisk MuiInputLabel-asterisk",
                                        "colorSecondary": "MuiFormLabel-colorSecondary",
                                        "disabled": "Mui-disabled Mui-disabled",
                                        "error": "Mui-error Mui-error",
                                        "filled": "MuiFormLabel-filled",
                                        "focused": "Mui-focused Mui-focused",
                                        "required": "Mui-required Mui-required",
                                        "root": "MuiFormLabel-root",
                                      }
                                    }
                                    data-shrink={false}
                                    htmlFor="email"
                                    id="email-label"
                                  >
                                    <label
                                      className="MuiFormLabel-root MuiInputLabel-root MuiInputLabel-formControl MuiInputLabel-animated MuiInputLabel-outlined Mui-required Mui-required"
                                      data-shrink={false}
                                      htmlFor="email"
                                      id="email-label"
                                    >
                                      forms.login.emailAddress
                                      <span
                                        aria-hidden={true}
                                        className="MuiFormLabel-asterisk MuiInputLabel-asterisk"
                                      >
                                         
                                        *
                                      </span>
                                    </label>
                                  </ForwardRef(FormLabel)>
                                </WithStyles(ForwardRef(FormLabel))>
                              </ForwardRef(InputLabel)>
                            </WithStyles(ForwardRef(InputLabel))>
                            <WithStyles(ForwardRef(OutlinedInput))
                              autoComplete="email"
                              autoFocus={true}
                              fullWidth={true}
                              id="email"
                              inputProps={
                                Object {
                                  "data-testid": "email-field",
                                }
                              }
                              label={
                                <React.Fragment>
                                  forms.login.emailAddress
                                   *
                                </React.Fragment>
                              }
                              multiline={false}
                              name="email"
                              onChange={[Function]}
                              value=""
                            >
                              <ForwardRef(OutlinedInput)
                                autoComplete="email"
                                autoFocus={true}
                                classes={
                                  Object {
                                    "adornedEnd": "MuiOutlinedInput-adornedEnd",
                                    "adornedStart": "MuiOutlinedInput-adornedStart",
                                    "colorSecondary": "MuiOutlinedInput-colorSecondary",
                                    "disabled": "Mui-disabled",
                                    "error": "Mui-error",
                                    "focused": "Mui-focused",
                                    "input": "MuiOutlinedInput-input",
                                    "inputAdornedEnd": "MuiOutlinedInput-inputAdornedEnd",
                                    "inputAdornedStart": "MuiOutlinedInput-inputAdornedStart",
                                    "inputMarginDense": "MuiOutlinedInput-inputMarginDense",
                                    "inputMultiline": "MuiOutlinedInput-inputMultiline",
                                    "marginDense": "MuiOutlinedInput-marginDense",
                                    "multiline": "MuiOutlinedInput-multiline",
                                    "notchedOutline": "MuiOutlinedInput-notchedOutline",
                                    "root": "MuiOutlinedInput-root",
                                  }
                                }
                                fullWidth={true}
                                id="email"
                                inputProps={
                                  Object {
                                    "data-testid": "email-field",
                                  }
                                }
                                label={
                                  <React.Fragment>
                                    forms.login.emailAddress
                                     *
                                  </React.Fragment>
                                }
                                multiline={false}
                                name="email"
                                onChange={[Function]}
                                value=""
                              >
                                <WithStyles(ForwardRef(InputBase))
                                  autoComplete="email"
                                  autoFocus={true}
                                  classes={
                                    Object {
                                      "adornedEnd": "MuiOutlinedInput-adornedEnd",
                                      "adornedStart": "MuiOutlinedInput-adornedStart",
                                      "colorSecondary": "MuiOutlinedInput-colorSecondary",
                                      "disabled": "Mui-disabled",
                                      "error": "Mui-error",
                                      "focused": "Mui-focused",
                                      "input": "MuiOutlinedInput-input",
                                      "inputAdornedEnd": "MuiOutlinedInput-inputAdornedEnd",
                                      "inputAdornedStart": "MuiOutlinedInput-inputAdornedStart",
                                      "inputMarginDense": "MuiOutlinedInput-inputMarginDense",
                                      "inputMultiline": "MuiOutlinedInput-inputMultiline",
                                      "marginDense": "MuiOutlinedInput-marginDense",
                                      "multiline": "MuiOutlinedInput-multiline",
                                      "notchedOutline": null,
                                      "root": "MuiOutlinedInput-root",
                                    }
                                  }
                                  fullWidth={true}
                                  id="email"
                                  inputComponent="input"
                                  inputProps={
                                    Object {
                                      "data-testid": "email-field",
                                    }
                                  }
                                  multiline={false}
                                  name="email"
                                  onChange={[Function]}
                                  renderSuffix={[Function]}
                                  type="text"
                                  value=""
                                >
                                  <ForwardRef(InputBase)
                                    autoComplete="email"
                                    autoFocus={true}
                                    classes={
                                      Object {
                                        "adornedEnd": "MuiInputBase-adornedEnd MuiOutlinedInput-adornedEnd",
                                        "adornedStart": "MuiInputBase-adornedStart MuiOutlinedInput-adornedStart",
                                        "colorSecondary": "MuiInputBase-colorSecondary MuiOutlinedInput-colorSecondary",
                                        "disabled": "Mui-disabled Mui-disabled",
                                        "error": "Mui-error Mui-error",
                                        "focused": "Mui-focused Mui-focused",
                                        "formControl": "MuiInputBase-formControl",
                                        "fullWidth": "MuiInputBase-fullWidth",
                                        "input": "MuiInputBase-input MuiOutlinedInput-input",
                                        "inputAdornedEnd": "MuiInputBase-inputAdornedEnd MuiOutlinedInput-inputAdornedEnd",
                                        "inputAdornedStart": "MuiInputBase-inputAdornedStart MuiOutlinedInput-inputAdornedStart",
                                        "inputHiddenLabel": "MuiInputBase-inputHiddenLabel",
                                        "inputMarginDense": "MuiInputBase-inputMarginDense MuiOutlinedInput-inputMarginDense",
                                        "inputMultiline": "MuiInputBase-inputMultiline MuiOutlinedInput-inputMultiline",
                                        "inputTypeSearch": "MuiInputBase-inputTypeSearch",
                                        "marginDense": "MuiInputBase-marginDense MuiOutlinedInput-marginDense",
                                        "multiline": "MuiInputBase-multiline MuiOutlinedInput-multiline",
                                        "root": "MuiInputBase-root MuiOutlinedInput-root",
                                      }
                                    }
                                    fullWidth={true}
                                    id="email"
                                    inputComponent="input"
                                    inputProps={
                                      Object {
                                        "data-testid": "email-field",
                                      }
                                    }
                                    multiline={false}
                                    name="email"
                                    onChange={[Function]}
                                    renderSuffix={[Function]}
                                    type="text"
                                    value=""
                                  >
                                    <div
                                      className="MuiInputBase-root MuiOutlinedInput-root MuiInputBase-fullWidth MuiInputBase-formControl"
                                      onClick={[Function]}
                                    >
                                      <input
                                        aria-invalid={false}
                                        autoComplete="email"
                                        autoFocus={true}
                                        className="MuiInputBase-input MuiOutlinedInput-input"
                                        data-testid="email-field"
                                        disabled={false}
                                        id="email"
                                        name="email"
                                        onAnimationStart={[Function]}
                                        onBlur={[Function]}
                                        onChange={[Function]}
                                        onFocus={[Function]}
                                        required={true}
                                        type="text"
                                        value=""
                                      />
                                      <WithStyles(ForwardRef(NotchedOutline))
                                        className="MuiOutlinedInput-notchedOutline"
                                        label={
                                          <React.Fragment>
                                            forms.login.emailAddress
                                             *
                                          </React.Fragment>
                                        }
                                        labelWidth={0}
                                        notched={false}
                                      >
                                        <ForwardRef(NotchedOutline)
                                          className="MuiOutlinedInput-notchedOutline"
                                          classes={
                                            Object {
                                              "legend": "PrivateNotchedOutline-legend-6",
                                              "legendLabelled": "PrivateNotchedOutline-legendLabelled-7",
                                              "legendNotched": "PrivateNotchedOutline-legendNotched-8",
                                              "root": "PrivateNotchedOutline-root-5",
                                            }
                                          }
                                          label={
                                            <React.Fragment>
                                              forms.login.emailAddress
                                               *
                                            </React.Fragment>
                                          }
                                          labelWidth={0}
                                          notched={false}
                                        >
                                          <fieldset
                                            aria-hidden={true}
                                            className="PrivateNotchedOutline-root-5 MuiOutlinedInput-notchedOutline"
                                          >
                                            <legend
                                              className="PrivateNotchedOutline-legendLabelled-7"
                                            >
                                              <span>
                                                forms.login.emailAddress
                                                 *
                                              </span>
                                            </legend>
                                          </fieldset>
                                        </ForwardRef(NotchedOutline)>
                                      </WithStyles(ForwardRef(NotchedOutline))>
                                    </div>
                                  </ForwardRef(InputBase)>
                                </WithStyles(ForwardRef(InputBase))>
                              </ForwardRef(OutlinedInput)>
                            </WithStyles(ForwardRef(OutlinedInput))>
                          </div>
                        </ForwardRef(FormControl)>
                      </WithStyles(ForwardRef(FormControl))>
                    </ForwardRef(TextField)>
                  </WithStyles(ForwardRef(TextField))>
                  <WithStyles(ForwardRef(TextField))
                    autoComplete="current-password"
                    data-test="password-field"
                    fullWidth={true}
                    id="password"
                    inputProps={
                      Object {
                        "data-testid": "password-field",
                      }
                    }
                    label="Password"
                    margin="normal"
                    name="forms.login.password"
                    onChange={[Function]}
                    required={true}
                    type="password"
                    value=""
                    variant="outlined"
                  >
                    <ForwardRef(TextField)
                      autoComplete="current-password"
                      classes={
                        Object {
                          "root": "MuiTextField-root",
                        }
                      }
                      data-test="password-field"
                      fullWidth={true}
                      id="password"
                      inputProps={
                        Object {
                          "data-testid": "password-field",
                        }
                      }
                      label="Password"
                      margin="normal"
                      name="forms.login.password"
                      onChange={[Function]}
                      required={true}
                      type="password"
                      value=""
                      variant="outlined"
                    >
                      <WithStyles(ForwardRef(FormControl))
                        className="MuiTextField-root"
                        color="primary"
                        data-test="password-field"
                        disabled={false}
                        error={false}
                        fullWidth={true}
                        margin="normal"
                        required={true}
                        variant="outlined"
                      >
                        <ForwardRef(FormControl)
                          className="MuiTextField-root"
                          classes={
                            Object {
                              "fullWidth": "MuiFormControl-fullWidth",
                              "marginDense": "MuiFormControl-marginDense",
                              "marginNormal": "MuiFormControl-marginNormal",
                              "root": "MuiFormControl-root",
                            }
                          }
                          color="primary"
                          data-test="password-field"
                          disabled={false}
                          error={false}
                          fullWidth={true}
                          margin="normal"
                          required={true}
                          variant="outlined"
                        >
                          <div
                            className="MuiFormControl-root MuiTextField-root MuiFormControl-marginNormal MuiFormControl-fullWidth"
                            data-test="password-field"
                          >
                            <WithStyles(ForwardRef(InputLabel))
                              htmlFor="password"
                              id="password-label"
                            >
                              <ForwardRef(InputLabel)
                                classes={
                                  Object {
                                    "animated": "MuiInputLabel-animated",
                                    "asterisk": "MuiInputLabel-asterisk",
                                    "disabled": "Mui-disabled",
                                    "error": "Mui-error",
                                    "filled": "MuiInputLabel-filled",
                                    "focused": "Mui-focused",
                                    "formControl": "MuiInputLabel-formControl",
                                    "marginDense": "MuiInputLabel-marginDense",
                                    "outlined": "MuiInputLabel-outlined",
                                    "required": "Mui-required",
                                    "root": "MuiInputLabel-root",
                                    "shrink": "MuiInputLabel-shrink",
                                  }
                                }
                                htmlFor="password"
                                id="password-label"
                              >
                                <WithStyles(ForwardRef(FormLabel))
                                  className="MuiInputLabel-root MuiInputLabel-formControl MuiInputLabel-animated MuiInputLabel-outlined"
                                  classes={
                                    Object {
                                      "asterisk": "MuiInputLabel-asterisk",
                                      "disabled": "Mui-disabled",
                                      "error": "Mui-error",
                                      "focused": "Mui-focused",
                                      "required": "Mui-required",
                                    }
                                  }
                                  data-shrink={false}
                                  htmlFor="password"
                                  id="password-label"
                                >
                                  <ForwardRef(FormLabel)
                                    className="MuiInputLabel-root MuiInputLabel-formControl MuiInputLabel-animated MuiInputLabel-outlined"
                                    classes={
                                      Object {
                                        "asterisk": "MuiFormLabel-asterisk MuiInputLabel-asterisk",
                                        "colorSecondary": "MuiFormLabel-colorSecondary",
                                        "disabled": "Mui-disabled Mui-disabled",
                                        "error": "Mui-error Mui-error",
                                        "filled": "MuiFormLabel-filled",
                                        "focused": "Mui-focused Mui-focused",
                                        "required": "Mui-required Mui-required",
                                        "root": "MuiFormLabel-root",
                                      }
                                    }
                                    data-shrink={false}
                                    htmlFor="password"
                                    id="password-label"
                                  >
                                    <label
                                      className="MuiFormLabel-root MuiInputLabel-root MuiInputLabel-formControl MuiInputLabel-animated MuiInputLabel-outlined Mui-required Mui-required"
                                      data-shrink={false}
                                      htmlFor="password"
                                      id="password-label"
                                    >
                                      Password
                                      <span
                                        aria-hidden={true}
                                        className="MuiFormLabel-asterisk MuiInputLabel-asterisk"
                                      >
                                         
                                        *
                                      </span>
                                    </label>
                                  </ForwardRef(FormLabel)>
                                </WithStyles(ForwardRef(FormLabel))>
                              </ForwardRef(InputLabel)>
                            </WithStyles(ForwardRef(InputLabel))>
                            <WithStyles(ForwardRef(OutlinedInput))
                              autoComplete="current-password"
                              autoFocus={false}
                              fullWidth={true}
                              id="password"
                              inputProps={
                                Object {
                                  "data-testid": "password-field",
                                }
                              }
                              label={
                                <React.Fragment>
                                  Password
                                   *
                                </React.Fragment>
                              }
                              multiline={false}
                              name="forms.login.password"
                              onChange={[Function]}
                              type="password"
                              value=""
                            >
                              <ForwardRef(OutlinedInput)
                                autoComplete="current-password"
                                autoFocus={false}
                                classes={
                                  Object {
                                    "adornedEnd": "MuiOutlinedInput-adornedEnd",
                                    "adornedStart": "MuiOutlinedInput-adornedStart",
                                    "colorSecondary": "MuiOutlinedInput-colorSecondary",
                                    "disabled": "Mui-disabled",
                                    "error": "Mui-error",
                                    "focused": "Mui-focused",
                                    "input": "MuiOutlinedInput-input",
                                    "inputAdornedEnd": "MuiOutlinedInput-inputAdornedEnd",
                                    "inputAdornedStart": "MuiOutlinedInput-inputAdornedStart",
                                    "inputMarginDense": "MuiOutlinedInput-inputMarginDense",
                                    "inputMultiline": "MuiOutlinedInput-inputMultiline",
                                    "marginDense": "MuiOutlinedInput-marginDense",
                                    "multiline": "MuiOutlinedInput-multiline",
                                    "notchedOutline": "MuiOutlinedInput-notchedOutline",
                                    "root": "MuiOutlinedInput-root",
                                  }
                                }
                                fullWidth={true}
                                id="password"
                                inputProps={
                                  Object {
                                    "data-testid": "password-field",
                                  }
                                }
                                label={
                                  <React.Fragment>
                                    Password
                                     *
                                  </React.Fragment>
                                }
                                multiline={false}
                                name="forms.login.password"
                                onChange={[Function]}
                                type="password"
                                value=""
                              >
                                <WithStyles(ForwardRef(InputBase))
                                  autoComplete="current-password"
                                  autoFocus={false}
                                  classes={
                                    Object {
                                      "adornedEnd": "MuiOutlinedInput-adornedEnd",
                                      "adornedStart": "MuiOutlinedInput-adornedStart",
                                      "colorSecondary": "MuiOutlinedInput-colorSecondary",
                                      "disabled": "Mui-disabled",
                                      "error": "Mui-error",
                                      "focused": "Mui-focused",
                                      "input": "MuiOutlinedInput-input",
                                      "inputAdornedEnd": "MuiOutlinedInput-inputAdornedEnd",
                                      "inputAdornedStart": "MuiOutlinedInput-inputAdornedStart",
                                      "inputMarginDense": "MuiOutlinedInput-inputMarginDense",
                                      "inputMultiline": "MuiOutlinedInput-inputMultiline",
                                      "marginDense": "MuiOutlinedInput-marginDense",
                                      "multiline": "MuiOutlinedInput-multiline",
                                      "notchedOutline": null,
                                      "root": "MuiOutlinedInput-root",
                                    }
                                  }
                                  fullWidth={true}
                                  id="password"
                                  inputComponent="input"
                                  inputProps={
                                    Object {
                                      "data-testid": "password-field",
                                    }
                                  }
                                  multiline={false}
                                  name="forms.login.password"
                                  onChange={[Function]}
                                  renderSuffix={[Function]}
                                  type="password"
                                  value=""
                                >
                                  <ForwardRef(InputBase)
                                    autoComplete="current-password"
                                    autoFocus={false}
                                    classes={
                                      Object {
                                        "adornedEnd": "MuiInputBase-adornedEnd MuiOutlinedInput-adornedEnd",
                                        "adornedStart": "MuiInputBase-adornedStart MuiOutlinedInput-adornedStart",
                                        "colorSecondary": "MuiInputBase-colorSecondary MuiOutlinedInput-colorSecondary",
                                        "disabled": "Mui-disabled Mui-disabled",
                                        "error": "Mui-error Mui-error",
                                        "focused": "Mui-focused Mui-focused",
                                        "formControl": "MuiInputBase-formControl",
                                        "fullWidth": "MuiInputBase-fullWidth",
                                        "input": "MuiInputBase-input MuiOutlinedInput-input",
                                        "inputAdornedEnd": "MuiInputBase-inputAdornedEnd MuiOutlinedInput-inputAdornedEnd",
                                        "inputAdornedStart": "MuiInputBase-inputAdornedStart MuiOutlinedInput-inputAdornedStart",
                                        "inputHiddenLabel": "MuiInputBase-inputHiddenLabel",
                                        "inputMarginDense": "MuiInputBase-inputMarginDense MuiOutlinedInput-inputMarginDense",
                                        "inputMultiline": "MuiInputBase-inputMultiline MuiOutlinedInput-inputMultiline",
                                        "inputTypeSearch": "MuiInputBase-inputTypeSearch",
                                        "marginDense": "MuiInputBase-marginDense MuiOutlinedInput-marginDense",
                                        "multiline": "MuiInputBase-multiline MuiOutlinedInput-multiline",
                                        "root": "MuiInputBase-root MuiOutlinedInput-root",
                                      }
                                    }
                                    fullWidth={true}
                                    id="password"
                                    inputComponent="input"
                                    inputProps={
                                      Object {
                                        "data-testid": "password-field",
                                      }
                                    }
                                    multiline={false}
                                    name="forms.login.password"
                                    onChange={[Function]}
                                    renderSuffix={[Function]}
                                    type="password"
                                    value=""
                                  >
                                    <div
                                      className="MuiInputBase-root MuiOutlinedInput-root MuiInputBase-fullWidth MuiInputBase-formControl"
                                      onClick={[Function]}
                                    >
                                      <input
                                        aria-invalid={false}
                                        autoComplete="current-password"
                                        autoFocus={false}
                                        className="MuiInputBase-input MuiOutlinedInput-input"
                                        data-testid="password-field"
                                        disabled={false}
                                        id="password"
                                        name="forms.login.password"
                                        onAnimationStart={[Function]}
                                        onBlur={[Function]}
                                        onChange={[Function]}
                                        onFocus={[Function]}
                                        required={true}
                                        type="password"
                                        value=""
                                      />
                                      <WithStyles(ForwardRef(NotchedOutline))
                                        className="MuiOutlinedInput-notchedOutline"
                                        label={
                                          <React.Fragment>
                                            Password
                                             *
                                          </React.Fragment>
                                        }
                                        labelWidth={0}
                                        notched={false}
                                      >
                                        <ForwardRef(NotchedOutline)
                                          className="MuiOutlinedInput-notchedOutline"
                                          classes={
                                            Object {
                                              "legend": "PrivateNotchedOutline-legend-6",
                                              "legendLabelled": "PrivateNotchedOutline-legendLabelled-7",
                                              "legendNotched": "PrivateNotchedOutline-legendNotched-8",
                                              "root": "PrivateNotchedOutline-root-5",
                                            }
                                          }
                                          label={
                                            <React.Fragment>
                                              Password
                                               *
                                            </React.Fragment>
                                          }
                                          labelWidth={0}
                                          notched={false}
                                        >
                                          <fieldset
                                            aria-hidden={true}
                                            className="PrivateNotchedOutline-root-5 MuiOutlinedInput-notchedOutline"
                                          >
                                            <legend
                                              className="PrivateNotchedOutline-legendLabelled-7"
                                            >
                                              <span>
                                                Password
                                                 *
                                              </span>
                                            </legend>
                                          </fieldset>
                                        </ForwardRef(NotchedOutline)>
                                      </WithStyles(ForwardRef(NotchedOutline))>
                                    </div>
                                  </ForwardRef(InputBase)>
                                </WithStyles(ForwardRef(InputBase))>
                              </ForwardRef(OutlinedInput)>
                            </WithStyles(ForwardRef(OutlinedInput))>
                          </div>
                        </ForwardRef(FormControl)>
                      </WithStyles(ForwardRef(FormControl))>
                    </ForwardRef(TextField)>
                  </WithStyles(ForwardRef(TextField))>
                  <WithStyles(ForwardRef(Button))
                    className="makeStyles-submit-4"
                    color="primary"
                    data-test="submit-button"
                    data-testid="submit-button"
                    disabled={true}
                    fullWidth={true}
                    type="submit"
                    variant="contained"
                  >
                    <ForwardRef(Button)
                      className="makeStyles-submit-4"
                      classes={
                        Object {
                          "colorInherit": "MuiButton-colorInherit",
                          "contained": "MuiButton-contained",
                          "containedPrimary": "MuiButton-containedPrimary",
                          "containedSecondary": "MuiButton-containedSecondary",
                          "containedSizeLarge": "MuiButton-containedSizeLarge",
                          "containedSizeSmall": "MuiButton-containedSizeSmall",
                          "disableElevation": "MuiButton-disableElevation",
                          "disabled": "Mui-disabled",
                          "endIcon": "MuiButton-endIcon",
                          "focusVisible": "Mui-focusVisible",
                          "fullWidth": "MuiButton-fullWidth",
                          "iconSizeLarge": "MuiButton-iconSizeLarge",
                          "iconSizeMedium": "MuiButton-iconSizeMedium",
                          "iconSizeSmall": "MuiButton-iconSizeSmall",
                          "label": "MuiButton-label",
                          "outlined": "MuiButton-outlined",
                          "outlinedPrimary": "MuiButton-outlinedPrimary",
                          "outlinedSecondary": "MuiButton-outlinedSecondary",
                          "outlinedSizeLarge": "MuiButton-outlinedSizeLarge",
                          "outlinedSizeSmall": "MuiButton-outlinedSizeSmall",
                          "root": "MuiButton-root",
                          "sizeLarge": "MuiButton-sizeLarge",
                          "sizeSmall": "MuiButton-sizeSmall",
                          "startIcon": "MuiButton-startIcon",
                          "text": "MuiButton-text",
                          "textPrimary": "MuiButton-textPrimary",
                          "textSecondary": "MuiButton-textSecondary",
                          "textSizeLarge": "MuiButton-textSizeLarge",
                          "textSizeSmall": "MuiButton-textSizeSmall",
                        }
                      }
                      color="primary"
                      data-test="submit-button"
                      data-testid="submit-button"
                      disabled={true}
                      fullWidth={true}
                      type="submit"
                      variant="contained"
                    >
                      <WithStyles(ForwardRef(ButtonBase))
                        className="MuiButton-root MuiButton-contained makeStyles-submit-4 MuiButton-containedPrimary Mui-disabled MuiButton-fullWidth"
                        component="button"
                        data-test="submit-button"
                        data-testid="submit-button"
                        disabled={true}
                        focusRipple={true}
                        focusVisibleClassName="Mui-focusVisible"
                        type="submit"
                      >
                        <ForwardRef(ButtonBase)
                          className="MuiButton-root MuiButton-contained makeStyles-submit-4 MuiButton-containedPrimary Mui-disabled MuiButton-fullWidth"
                          classes={
                            Object {
                              "disabled": "Mui-disabled",
                              "focusVisible": "Mui-focusVisible",
                              "root": "MuiButtonBase-root",
                            }
                          }
                          component="button"
                          data-test="submit-button"
                          data-testid="submit-button"
                          disabled={true}
                          focusRipple={true}
                          focusVisibleClassName="Mui-focusVisible"
                          type="submit"
                        >
                          <button
                            className="MuiButtonBase-root MuiButton-root MuiButton-contained makeStyles-submit-4 MuiButton-containedPrimary Mui-disabled MuiButton-fullWidth Mui-disabled"
                            data-test="submit-button"
                            data-testid="submit-button"
                            disabled={true}
                            onBlur={[Function]}
                            onDragLeave={[Function]}
                            onFocus={[Function]}
                            onKeyDown={[Function]}
                            onKeyUp={[Function]}
                            onMouseDown={[Function]}
                            onMouseLeave={[Function]}
                            onMouseUp={[Function]}
                            onTouchEnd={[Function]}
                            onTouchMove={[Function]}
                            onTouchStart={[Function]}
                            tabIndex={-1}
                            type="submit"
                          >
                            <span
                              className="MuiButton-label"
                            >
                              forms.login.signIn
                            </span>
                          </button>
                        </ForwardRef(ButtonBase)>
                      </WithStyles(ForwardRef(ButtonBase))>
                    </ForwardRef(Button)>
                  </WithStyles(ForwardRef(Button))>
                  <WithStyles(ForwardRef(Grid))
                    container={true}
                  >
                    <ForwardRef(Grid)
                      classes={
                        Object {
                          "align-content-xs-center": "MuiGrid-align-content-xs-center",
                          "align-content-xs-flex-end": "MuiGrid-align-content-xs-flex-end",
                          "align-content-xs-flex-start": "MuiGrid-align-content-xs-flex-start",
                          "align-content-xs-space-around": "MuiGrid-align-content-xs-space-around",
                          "align-content-xs-space-between": "MuiGrid-align-content-xs-space-between",
                          "align-items-xs-baseline": "MuiGrid-align-items-xs-baseline",
                          "align-items-xs-center": "MuiGrid-align-items-xs-center",
                          "align-items-xs-flex-end": "MuiGrid-align-items-xs-flex-end",
                          "align-items-xs-flex-start": "MuiGrid-align-items-xs-flex-start",
                          "container": "MuiGrid-container",
                          "direction-xs-column": "MuiGrid-direction-xs-column",
                          "direction-xs-column-reverse": "MuiGrid-direction-xs-column-reverse",
                          "direction-xs-row-reverse": "MuiGrid-direction-xs-row-reverse",
                          "grid-lg-1": "MuiGrid-grid-lg-1",
                          "grid-lg-10": "MuiGrid-grid-lg-10",
                          "grid-lg-11": "MuiGrid-grid-lg-11",
                          "grid-lg-12": "MuiGrid-grid-lg-12",
                          "grid-lg-2": "MuiGrid-grid-lg-2",
                          "grid-lg-3": "MuiGrid-grid-lg-3",
                          "grid-lg-4": "MuiGrid-grid-lg-4",
                          "grid-lg-5": "MuiGrid-grid-lg-5",
                          "grid-lg-6": "MuiGrid-grid-lg-6",
                          "grid-lg-7": "MuiGrid-grid-lg-7",
                          "grid-lg-8": "MuiGrid-grid-lg-8",
                          "grid-lg-9": "MuiGrid-grid-lg-9",
                          "grid-lg-auto": "MuiGrid-grid-lg-auto",
                          "grid-lg-true": "MuiGrid-grid-lg-true",
                          "grid-md-1": "MuiGrid-grid-md-1",
                          "grid-md-10": "MuiGrid-grid-md-10",
                          "grid-md-11": "MuiGrid-grid-md-11",
                          "grid-md-12": "MuiGrid-grid-md-12",
                          "grid-md-2": "MuiGrid-grid-md-2",
                          "grid-md-3": "MuiGrid-grid-md-3",
                          "grid-md-4": "MuiGrid-grid-md-4",
                          "grid-md-5": "MuiGrid-grid-md-5",
                          "grid-md-6": "MuiGrid-grid-md-6",
                          "grid-md-7": "MuiGrid-grid-md-7",
                          "grid-md-8": "MuiGrid-grid-md-8",
                          "grid-md-9": "MuiGrid-grid-md-9",
                          "grid-md-auto": "MuiGrid-grid-md-auto",
                          "grid-md-true": "MuiGrid-grid-md-true",
                          "grid-sm-1": "MuiGrid-grid-sm-1",
                          "grid-sm-10": "MuiGrid-grid-sm-10",
                          "grid-sm-11": "MuiGrid-grid-sm-11",
                          "grid-sm-12": "MuiGrid-grid-sm-12",
                          "grid-sm-2": "MuiGrid-grid-sm-2",
                          "grid-sm-3": "MuiGrid-grid-sm-3",
                          "grid-sm-4": "MuiGrid-grid-sm-4",
                          "grid-sm-5": "MuiGrid-grid-sm-5",
                          "grid-sm-6": "MuiGrid-grid-sm-6",
                          "grid-sm-7": "MuiGrid-grid-sm-7",
                          "grid-sm-8": "MuiGrid-grid-sm-8",
                          "grid-sm-9": "MuiGrid-grid-sm-9",
                          "grid-sm-auto": "MuiGrid-grid-sm-auto",
                          "grid-sm-true": "MuiGrid-grid-sm-true",
                          "grid-xl-1": "MuiGrid-grid-xl-1",
                          "grid-xl-10": "MuiGrid-grid-xl-10",
                          "grid-xl-11": "MuiGrid-grid-xl-11",
                          "grid-xl-12": "MuiGrid-grid-xl-12",
                          "grid-xl-2": "MuiGrid-grid-xl-2",
                          "grid-xl-3": "MuiGrid-grid-xl-3",
                          "grid-xl-4": "MuiGrid-grid-xl-4",
                          "grid-xl-5": "MuiGrid-grid-xl-5",
                          "grid-xl-6": "MuiGrid-grid-xl-6",
                          "grid-xl-7": "MuiGrid-grid-xl-7",
                          "grid-xl-8": "MuiGrid-grid-xl-8",
                          "grid-xl-9": "MuiGrid-grid-xl-9",
                          "grid-xl-auto": "MuiGrid-grid-xl-auto",
                          "grid-xl-true": "MuiGrid-grid-xl-true",
                          "grid-xs-1": "MuiGrid-grid-xs-1",
                          "grid-xs-10": "MuiGrid-grid-xs-10",
                          "grid-xs-11": "MuiGrid-grid-xs-11",
                          "grid-xs-12": "MuiGrid-grid-xs-12",
                          "grid-xs-2": "MuiGrid-grid-xs-2",
                          "grid-xs-3": "MuiGrid-grid-xs-3",
                          "grid-xs-4": "MuiGrid-grid-xs-4",
                          "grid-xs-5": "MuiGrid-grid-xs-5",
                          "grid-xs-6": "MuiGrid-grid-xs-6",
                          "grid-xs-7": "MuiGrid-grid-xs-7",
                          "grid-xs-8": "MuiGrid-grid-xs-8",
                          "grid-xs-9": "MuiGrid-grid-xs-9",
                          "grid-xs-auto": "MuiGrid-grid-xs-auto",
                          "grid-xs-true": "MuiGrid-grid-xs-true",
                          "item": "MuiGrid-item",
                          "justify-xs-center": "MuiGrid-justify-xs-center",
                          "justify-xs-flex-end": "MuiGrid-justify-xs-flex-end",
                          "justify-xs-space-around": "MuiGrid-justify-xs-space-around",
                          "justify-xs-space-between": "MuiGrid-justify-xs-space-between",
                          "justify-xs-space-evenly": "MuiGrid-justify-xs-space-evenly",
                          "root": "MuiGrid-root",
                          "spacing-xs-1": "MuiGrid-spacing-xs-1",
                          "spacing-xs-10": "MuiGrid-spacing-xs-10",
                          "spacing-xs-2": "MuiGrid-spacing-xs-2",
                          "spacing-xs-3": "MuiGrid-spacing-xs-3",
                          "spacing-xs-4": "MuiGrid-spacing-xs-4",
                          "spacing-xs-5": "MuiGrid-spacing-xs-5",
                          "spacing-xs-6": "MuiGrid-spacing-xs-6",
                          "spacing-xs-7": "MuiGrid-spacing-xs-7",
                          "spacing-xs-8": "MuiGrid-spacing-xs-8",
                          "spacing-xs-9": "MuiGrid-spacing-xs-9",
                          "wrap-xs-nowrap": "MuiGrid-wrap-xs-nowrap",
                          "wrap-xs-wrap-reverse": "MuiGrid-wrap-xs-wrap-reverse",
                          "zeroMinWidth": "MuiGrid-zeroMinWidth",
                        }
                      }
                      container={true}
                    >
                      <div
                        className="MuiGrid-root MuiGrid-container"
                      >
                        <WithStyles(ForwardRef(Grid))
                          item={true}
                          xs={true}
                        >
                          <ForwardRef(Grid)
                            classes={
                              Object {
                                "align-content-xs-center": "MuiGrid-align-content-xs-center",
                                "align-content-xs-flex-end": "MuiGrid-align-content-xs-flex-end",
                                "align-content-xs-flex-start": "MuiGrid-align-content-xs-flex-start",
                                "align-content-xs-space-around": "MuiGrid-align-content-xs-space-around",
                                "align-content-xs-space-between": "MuiGrid-align-content-xs-space-between",
                                "align-items-xs-baseline": "MuiGrid-align-items-xs-baseline",
                                "align-items-xs-center": "MuiGrid-align-items-xs-center",
                                "align-items-xs-flex-end": "MuiGrid-align-items-xs-flex-end",
                                "align-items-xs-flex-start": "MuiGrid-align-items-xs-flex-start",
                                "container": "MuiGrid-container",
                                "direction-xs-column": "MuiGrid-direction-xs-column",
                                "direction-xs-column-reverse": "MuiGrid-direction-xs-column-reverse",
                                "direction-xs-row-reverse": "MuiGrid-direction-xs-row-reverse",
                                "grid-lg-1": "MuiGrid-grid-lg-1",
                                "grid-lg-10": "MuiGrid-grid-lg-10",
                                "grid-lg-11": "MuiGrid-grid-lg-11",
                                "grid-lg-12": "MuiGrid-grid-lg-12",
                                "grid-lg-2": "MuiGrid-grid-lg-2",
                                "grid-lg-3": "MuiGrid-grid-lg-3",
                                "grid-lg-4": "MuiGrid-grid-lg-4",
                                "grid-lg-5": "MuiGrid-grid-lg-5",
                                "grid-lg-6": "MuiGrid-grid-lg-6",
                                "grid-lg-7": "MuiGrid-grid-lg-7",
                                "grid-lg-8": "MuiGrid-grid-lg-8",
                                "grid-lg-9": "MuiGrid-grid-lg-9",
                                "grid-lg-auto": "MuiGrid-grid-lg-auto",
                                "grid-lg-true": "MuiGrid-grid-lg-true",
                                "grid-md-1": "MuiGrid-grid-md-1",
                                "grid-md-10": "MuiGrid-grid-md-10",
                                "grid-md-11": "MuiGrid-grid-md-11",
                                "grid-md-12": "MuiGrid-grid-md-12",
                                "grid-md-2": "MuiGrid-grid-md-2",
                                "grid-md-3": "MuiGrid-grid-md-3",
                                "grid-md-4": "MuiGrid-grid-md-4",
                                "grid-md-5": "MuiGrid-grid-md-5",
                                "grid-md-6": "MuiGrid-grid-md-6",
                                "grid-md-7": "MuiGrid-grid-md-7",
                                "grid-md-8": "MuiGrid-grid-md-8",
                                "grid-md-9": "MuiGrid-grid-md-9",
                                "grid-md-auto": "MuiGrid-grid-md-auto",
                                "grid-md-true": "MuiGrid-grid-md-true",
                                "grid-sm-1": "MuiGrid-grid-sm-1",
                                "grid-sm-10": "MuiGrid-grid-sm-10",
                                "grid-sm-11": "MuiGrid-grid-sm-11",
                                "grid-sm-12": "MuiGrid-grid-sm-12",
                                "grid-sm-2": "MuiGrid-grid-sm-2",
                                "grid-sm-3": "MuiGrid-grid-sm-3",
                                "grid-sm-4": "MuiGrid-grid-sm-4",
                                "grid-sm-5": "MuiGrid-grid-sm-5",
                                "grid-sm-6": "MuiGrid-grid-sm-6",
                                "grid-sm-7": "MuiGrid-grid-sm-7",
                                "grid-sm-8": "MuiGrid-grid-sm-8",
                                "grid-sm-9": "MuiGrid-grid-sm-9",
                                "grid-sm-auto": "MuiGrid-grid-sm-auto",
                                "grid-sm-true": "MuiGrid-grid-sm-true",
                                "grid-xl-1": "MuiGrid-grid-xl-1",
                                "grid-xl-10": "MuiGrid-grid-xl-10",
                                "grid-xl-11": "MuiGrid-grid-xl-11",
                                "grid-xl-12": "MuiGrid-grid-xl-12",
                                "grid-xl-2": "MuiGrid-grid-xl-2",
                                "grid-xl-3": "MuiGrid-grid-xl-3",
                                "grid-xl-4": "MuiGrid-grid-xl-4",
                                "grid-xl-5": "MuiGrid-grid-xl-5",
                                "grid-xl-6": "MuiGrid-grid-xl-6",
                                "grid-xl-7": "MuiGrid-grid-xl-7",
                                "grid-xl-8": "MuiGrid-grid-xl-8",
                                "grid-xl-9": "MuiGrid-grid-xl-9",
                                "grid-xl-auto": "MuiGrid-grid-xl-auto",
                                "grid-xl-true": "MuiGrid-grid-xl-true",
                                "grid-xs-1": "MuiGrid-grid-xs-1",
                                "grid-xs-10": "MuiGrid-grid-xs-10",
                                "grid-xs-11": "MuiGrid-grid-xs-11",
                                "grid-xs-12": "MuiGrid-grid-xs-12",
                                "grid-xs-2": "MuiGrid-grid-xs-2",
                                "grid-xs-3": "MuiGrid-grid-xs-3",
                                "grid-xs-4": "MuiGrid-grid-xs-4",
                                "grid-xs-5": "MuiGrid-grid-xs-5",
                                "grid-xs-6": "MuiGrid-grid-xs-6",
                                "grid-xs-7": "MuiGrid-grid-xs-7",
                                "grid-xs-8": "MuiGrid-grid-xs-8",
                                "grid-xs-9": "MuiGrid-grid-xs-9",
                                "grid-xs-auto": "MuiGrid-grid-xs-auto",
                                "grid-xs-true": "MuiGrid-grid-xs-true",
                                "item": "MuiGrid-item",
                                "justify-xs-center": "MuiGrid-justify-xs-center",
                                "justify-xs-flex-end": "MuiGrid-justify-xs-flex-end",
                                "justify-xs-space-around": "MuiGrid-justify-xs-space-around",
                                "justify-xs-space-between": "MuiGrid-justify-xs-space-between",
                                "justify-xs-space-evenly": "MuiGrid-justify-xs-space-evenly",
                                "root": "MuiGrid-root",
                                "spacing-xs-1": "MuiGrid-spacing-xs-1",
                                "spacing-xs-10": "MuiGrid-spacing-xs-10",
                                "spacing-xs-2": "MuiGrid-spacing-xs-2",
                                "spacing-xs-3": "MuiGrid-spacing-xs-3",
                                "spacing-xs-4": "MuiGrid-spacing-xs-4",
                                "spacing-xs-5": "MuiGrid-spacing-xs-5",
                                "spacing-xs-6": "MuiGrid-spacing-xs-6",
                                "spacing-xs-7": "MuiGrid-spacing-xs-7",
                                "spacing-xs-8": "MuiGrid-spacing-xs-8",
                                "spacing-xs-9": "MuiGrid-spacing-xs-9",
                                "wrap-xs-nowrap": "MuiGrid-wrap-xs-nowrap",
                                "wrap-xs-wrap-reverse": "MuiGrid-wrap-xs-wrap-reverse",
                                "zeroMinWidth": "MuiGrid-zeroMinWidth",
                              }
                            }
                            item={true}
                            xs={true}
                          >
                            <div
                              className="MuiGrid-root MuiGrid-item MuiGrid-grid-xs-true"
                            >
                              <Link
                                to="#"
                              >
                                <LinkAnchor
                                  href="/"
                                  navigate={[Function]}
                                >
                                  <a
                                    href="/"
                                    onClick={[Function]}
                                  >
                                    Forgot password?
                                  </a>
                                </LinkAnchor>
                              </Link>
                            </div>
                          </ForwardRef(Grid)>
                        </WithStyles(ForwardRef(Grid))>
                        <WithStyles(ForwardRef(Grid))
                          item={true}
                        >
                          <ForwardRef(Grid)
                            classes={
                              Object {
                                "align-content-xs-center": "MuiGrid-align-content-xs-center",
                                "align-content-xs-flex-end": "MuiGrid-align-content-xs-flex-end",
                                "align-content-xs-flex-start": "MuiGrid-align-content-xs-flex-start",
                                "align-content-xs-space-around": "MuiGrid-align-content-xs-space-around",
                                "align-content-xs-space-between": "MuiGrid-align-content-xs-space-between",
                                "align-items-xs-baseline": "MuiGrid-align-items-xs-baseline",
                                "align-items-xs-center": "MuiGrid-align-items-xs-center",
                                "align-items-xs-flex-end": "MuiGrid-align-items-xs-flex-end",
                                "align-items-xs-flex-start": "MuiGrid-align-items-xs-flex-start",
                                "container": "MuiGrid-container",
                                "direction-xs-column": "MuiGrid-direction-xs-column",
                                "direction-xs-column-reverse": "MuiGrid-direction-xs-column-reverse",
                                "direction-xs-row-reverse": "MuiGrid-direction-xs-row-reverse",
                                "grid-lg-1": "MuiGrid-grid-lg-1",
                                "grid-lg-10": "MuiGrid-grid-lg-10",
                                "grid-lg-11": "MuiGrid-grid-lg-11",
                                "grid-lg-12": "MuiGrid-grid-lg-12",
                                "grid-lg-2": "MuiGrid-grid-lg-2",
                                "grid-lg-3": "MuiGrid-grid-lg-3",
                                "grid-lg-4": "MuiGrid-grid-lg-4",
                                "grid-lg-5": "MuiGrid-grid-lg-5",
                                "grid-lg-6": "MuiGrid-grid-lg-6",
                                "grid-lg-7": "MuiGrid-grid-lg-7",
                                "grid-lg-8": "MuiGrid-grid-lg-8",
                                "grid-lg-9": "MuiGrid-grid-lg-9",
                                "grid-lg-auto": "MuiGrid-grid-lg-auto",
                                "grid-lg-true": "MuiGrid-grid-lg-true",
                                "grid-md-1": "MuiGrid-grid-md-1",
                                "grid-md-10": "MuiGrid-grid-md-10",
                                "grid-md-11": "MuiGrid-grid-md-11",
                                "grid-md-12": "MuiGrid-grid-md-12",
                                "grid-md-2": "MuiGrid-grid-md-2",
                                "grid-md-3": "MuiGrid-grid-md-3",
                                "grid-md-4": "MuiGrid-grid-md-4",
                                "grid-md-5": "MuiGrid-grid-md-5",
                                "grid-md-6": "MuiGrid-grid-md-6",
                                "grid-md-7": "MuiGrid-grid-md-7",
                                "grid-md-8": "MuiGrid-grid-md-8",
                                "grid-md-9": "MuiGrid-grid-md-9",
                                "grid-md-auto": "MuiGrid-grid-md-auto",
                                "grid-md-true": "MuiGrid-grid-md-true",
                                "grid-sm-1": "MuiGrid-grid-sm-1",
                                "grid-sm-10": "MuiGrid-grid-sm-10",
                                "grid-sm-11": "MuiGrid-grid-sm-11",
                                "grid-sm-12": "MuiGrid-grid-sm-12",
                                "grid-sm-2": "MuiGrid-grid-sm-2",
                                "grid-sm-3": "MuiGrid-grid-sm-3",
                                "grid-sm-4": "MuiGrid-grid-sm-4",
                                "grid-sm-5": "MuiGrid-grid-sm-5",
                                "grid-sm-6": "MuiGrid-grid-sm-6",
                                "grid-sm-7": "MuiGrid-grid-sm-7",
                                "grid-sm-8": "MuiGrid-grid-sm-8",
                                "grid-sm-9": "MuiGrid-grid-sm-9",
                                "grid-sm-auto": "MuiGrid-grid-sm-auto",
                                "grid-sm-true": "MuiGrid-grid-sm-true",
                                "grid-xl-1": "MuiGrid-grid-xl-1",
                                "grid-xl-10": "MuiGrid-grid-xl-10",
                                "grid-xl-11": "MuiGrid-grid-xl-11",
                                "grid-xl-12": "MuiGrid-grid-xl-12",
                                "grid-xl-2": "MuiGrid-grid-xl-2",
                                "grid-xl-3": "MuiGrid-grid-xl-3",
                                "grid-xl-4": "MuiGrid-grid-xl-4",
                                "grid-xl-5": "MuiGrid-grid-xl-5",
                                "grid-xl-6": "MuiGrid-grid-xl-6",
                                "grid-xl-7": "MuiGrid-grid-xl-7",
                                "grid-xl-8": "MuiGrid-grid-xl-8",
                                "grid-xl-9": "MuiGrid-grid-xl-9",
                                "grid-xl-auto": "MuiGrid-grid-xl-auto",
                                "grid-xl-true": "MuiGrid-grid-xl-true",
                                "grid-xs-1": "MuiGrid-grid-xs-1",
                                "grid-xs-10": "MuiGrid-grid-xs-10",
                                "grid-xs-11": "MuiGrid-grid-xs-11",
                                "grid-xs-12": "MuiGrid-grid-xs-12",
                                "grid-xs-2": "MuiGrid-grid-xs-2",
                                "grid-xs-3": "MuiGrid-grid-xs-3",
                                "grid-xs-4": "MuiGrid-grid-xs-4",
                                "grid-xs-5": "MuiGrid-grid-xs-5",
                                "grid-xs-6": "MuiGrid-grid-xs-6",
                                "grid-xs-7": "MuiGrid-grid-xs-7",
                                "grid-xs-8": "MuiGrid-grid-xs-8",
                                "grid-xs-9": "MuiGrid-grid-xs-9",
                                "grid-xs-auto": "MuiGrid-grid-xs-auto",
                                "grid-xs-true": "MuiGrid-grid-xs-true",
                                "item": "MuiGrid-item",
                                "justify-xs-center": "MuiGrid-justify-xs-center",
                                "justify-xs-flex-end": "MuiGrid-justify-xs-flex-end",
                                "justify-xs-space-around": "MuiGrid-justify-xs-space-around",
                                "justify-xs-space-between": "MuiGrid-justify-xs-space-between",
                                "justify-xs-space-evenly": "MuiGrid-justify-xs-space-evenly",
                                "root": "MuiGrid-root",
                                "spacing-xs-1": "MuiGrid-spacing-xs-1",
                                "spacing-xs-10": "MuiGrid-spacing-xs-10",
                                "spacing-xs-2": "MuiGrid-spacing-xs-2",
                                "spacing-xs-3": "MuiGrid-spacing-xs-3",
                                "spacing-xs-4": "MuiGrid-spacing-xs-4",
                                "spacing-xs-5": "MuiGrid-spacing-xs-5",
                                "spacing-xs-6": "MuiGrid-spacing-xs-6",
                                "spacing-xs-7": "MuiGrid-spacing-xs-7",
                                "spacing-xs-8": "MuiGrid-spacing-xs-8",
                                "spacing-xs-9": "MuiGrid-spacing-xs-9",
                                "wrap-xs-nowrap": "MuiGrid-wrap-xs-nowrap",
                                "wrap-xs-wrap-reverse": "MuiGrid-wrap-xs-wrap-reverse",
                                "zeroMinWidth": "MuiGrid-zeroMinWidth",
                              }
                            }
                            item={true}
                          >
                            <div
                              className="MuiGrid-root MuiGrid-item"
                            >
                              <Link
                                to="/register"
                              >
                                <LinkAnchor
                                  href="/register"
                                  navigate={[Function]}
                                >
                                  <a
                                    href="/register"
                                    onClick={[Function]}
                                  >
                                    forms.login.dontHaveAnAccount
                                  </a>
                                </LinkAnchor>
                              </Link>
                            </div>
                          </ForwardRef(Grid)>
                        </WithStyles(ForwardRef(Grid))>
                      </div>
                    </ForwardRef(Grid)>
                  </WithStyles(ForwardRef(Grid))>
                </form>
              </div>
              <Styled(MuiBox)
                mt={8}
              >
                <div
                  className="MuiBox-root MuiBox-root-9"
                >
                  <Copyright>
                    <WithStyles(ForwardRef(Typography))
                      align="center"
                      color="textSecondary"
                      variant="body2"
                    >
                      <ForwardRef(Typography)
                        align="center"
                        classes={
                          Object {
                            "alignCenter": "MuiTypography-alignCenter",
                            "alignJustify": "MuiTypography-alignJustify",
                            "alignLeft": "MuiTypography-alignLeft",
                            "alignRight": "MuiTypography-alignRight",
                            "body1": "MuiTypography-body1",
                            "body2": "MuiTypography-body2",
                            "button": "MuiTypography-button",
                            "caption": "MuiTypography-caption",
                            "colorError": "MuiTypography-colorError",
                            "colorInherit": "MuiTypography-colorInherit",
                            "colorPrimary": "MuiTypography-colorPrimary",
                            "colorSecondary": "MuiTypography-colorSecondary",
                            "colorTextPrimary": "MuiTypography-colorTextPrimary",
                            "colorTextSecondary": "MuiTypography-colorTextSecondary",
                            "displayBlock": "MuiTypography-displayBlock",
                            "displayInline": "MuiTypography-displayInline",
                            "gutterBottom": "MuiTypography-gutterBottom",
                            "h1": "MuiTypography-h1",
                            "h2": "MuiTypography-h2",
                            "h3": "MuiTypography-h3",
                            "h4": "MuiTypography-h4",
                            "h5": "MuiTypography-h5",
                            "h6": "MuiTypography-h6",
                            "noWrap": "MuiTypography-noWrap",
                            "overline": "MuiTypography-overline",
                            "paragraph": "MuiTypography-paragraph",
                            "root": "MuiTypography-root",
                            "srOnly": "MuiTypography-srOnly",
                            "subtitle1": "MuiTypography-subtitle1",
                            "subtitle2": "MuiTypography-subtitle2",
                          }
                        }
                        color="textSecondary"
                        variant="body2"
                      >
                        <p
                          className="MuiTypography-root MuiTypography-body2 MuiTypography-colorTextSecondary MuiTypography-alignCenter"
                        >
                          Copyright © 
                          <Link
                            to="https://material-ui.com/"
                          >
                            <LinkAnchor
                              href="/https://material-ui.com/"
                              navigate={[Function]}
                            >
                              <a
                                href="/https://material-ui.com/"
                                onClick={[Function]}
                              >
                                TPocket
                              </a>
                            </LinkAnchor>
                          </Link>
                           
                          2020
                          .
                        </p>
                      </ForwardRef(Typography)>
                    </WithStyles(ForwardRef(Typography))>
                  </Copyright>
                </div>
              </Styled(MuiBox)>
            </main>
          </ForwardRef(Container)>
        </WithStyles(ForwardRef(Container))>
      </Login>
    </Router>
  </BrowserRouter>
</ApolloProvider>
`;
