// Jest Snapshot v1, https://goo.gl/fbAQLP

exports[`StatisticsCard component should render properly 1`] = `
<div
  className="full-width m-15 text-center mt-0"
>
  <WithStyles(ForwardRef(Card))>
    <WithStyles(ForwardRef(CardContent))>
      <WithStyles(ForwardRef(Typography))
        component="h2"
        variant="subtitle1"
      >
        title
      </WithStyles(ForwardRef(Typography))>
      <WithStyles(ForwardRef(Typography))
        color="textSecondary"
        variant="subtitle2"
      >
        description
      </WithStyles(ForwardRef(Typography))>
      <WithStyles(ForwardRef(Typography))
        className="makeStyles-value-3"
        component="h2"
        variant="h4"
      >
        12
         
      </WithStyles(ForwardRef(Typography))>
    </WithStyles(ForwardRef(CardContent))>
  </WithStyles(ForwardRef(Card))>
</div>
`;
